[monitor] writing to /workspace/vlm-sink-emergence/compute_log.jsonl every 45s
[monitor] 2026-06-14T17:38:10Z  gpu=0.0%  vram=1.0/49140.0MB  step=?  loss=?  tok/s=?  disk_avail=25840MB  $/h=0.7037037037037036
[monitor] 2026-06-14T17:38:56Z  gpu=0.0%  vram=4.0/49140.0MB  step=?  loss=?  tok/s=?  disk_avail=25840MB  $/h=0.7037037037037036
[monitor] 2026-06-14T17:39:41Z  gpu=0.0%  vram=4.0/49140.0MB  step=?  loss=?  tok/s=?  disk_avail=25840MB  $/h=0.7037037037037036
[monitor] 2026-06-14T17:40:27Z  gpu=0.0%  vram=4.0/49140.0MB  step=?  loss=?  tok/s=?  disk_avail=25840MB  $/h=0.7037037037037036
[monitor] 2026-06-14T17:41:12Z  gpu=0.0%  vram=4.0/49140.0MB  step=?  loss=?  tok/s=?  disk_avail=25840MB  $/h=0.7037037037037036
[monitor] 2026-06-14T17:41:58Z  gpu=0.0%  vram=4.0/49140.0MB  step=?  loss=?  tok/s=?  disk_avail=25840MB  $/h=0.7037037037037036
[monitor] 2026-06-14T17:42:44Z  gpu=0.0%  vram=1.0/49140.0MB  step=?  loss=?  tok/s=?  disk_avail=25840MB  $/h=0.7037037037037036
[monitor] 2026-06-14T17:43:29Z  gpu=0.0%  vram=1.0/49140.0MB  step=?  loss=?  tok/s=?  disk_avail=25840MB  $/h=0.7037037037037036
[monitor] 2026-06-14T17:44:15Z  gpu=0.0%  vram=1.0/49140.0MB  step=?  loss=?  tok/s=?  disk_avail=25840MB  $/h=0.7037037037037036
[monitor] 2026-06-14T17:45:00Z  gpu=0.0%  vram=1.0/49140.0MB  step=?  loss=?  tok/s=?  disk_avail=25840MB  $/h=0.7037037037037036
[monitor] 2026-06-14T17:45:46Z  gpu=0.0%  vram=1.0/49140.0MB  step=?  loss=?  tok/s=?  disk_avail=25840MB  $/h=0.7037037037037036
[monitor] 2026-06-14T17:46:32Z  gpu=0.0%  vram=1.0/49140.0MB  step=?  loss=?  tok/s=?  disk_avail=25840MB  $/h=0.7037037037037036
[monitor] 2026-06-14T17:47:17Z  gpu=0.0%  vram=1.0/49140.0MB  step=?  loss=?  tok/s=?  disk_avail=25840MB  $/h=0.7037037037037036
[monitor] 2026-06-14T17:48:03Z  gpu=0.0%  vram=1.0/49140.0MB  step=?  loss=?  tok/s=?  disk_avail=25840MB  $/h=0.7037037037037036
[monitor] 2026-06-14T17:48:49Z  gpu=0.0%  vram=1.0/49140.0MB  step=?  loss=?  tok/s=?  disk_avail=25840MB  $/h=0.7037037037037036
[monitor] 2026-06-14T17:49:35Z  gpu=0.0%  vram=1.0/49140.0MB  step=?  loss=?  tok/s=?  disk_avail=25840MB  $/h=0.7037037037037036
[monitor] 2026-06-14T17:50:20Z  gpu=0.0%  vram=1.0/49140.0MB  step=?  loss=?  tok/s=?  disk_avail=25840MB  $/h=0.7037037037037036
[monitor] writing to /workspace/vlm-sink-emergence/compute_log.jsonl every 45s
[monitor] 2026-06-14T17:50:21Z  gpu=0.0%  vram=1.0/49140.0MB  step=?  loss=?  tok/s=?  disk_avail=25840MB  $/h=0.7037037037037036
[monitor] 2026-06-14T17:51:06Z  gpu=0.0%  vram=4.0/49140.0MB  step=?  loss=?  tok/s=?  disk_avail=25840MB  $/h=0.7037037037037036
[monitor] 2026-06-14T17:51:07Z  gpu=0.0%  vram=4.0/49140.0MB  step=?  loss=?  tok/s=?  disk_avail=25840MB  $/h=0.7037037037037036
[monitor] 2026-06-14T17:51:51Z  gpu=0.0%  vram=4.0/49140.0MB  step=?  loss=?  tok/s=?  disk_avail=25840MB  $/h=0.7037037037037036
[monitor] 2026-06-14T17:51:53Z  gpu=0.0%  vram=4.0/49140.0MB  step=?  loss=?  tok/s=?  disk_avail=25840MB  $/h=0.7037037037037036
[monitor] 2026-06-14T17:52:37Z  gpu=0.0%  vram=4.0/49140.0MB  step=?  loss=?  tok/s=?  disk_avail=25840MB  $/h=0.7037037037037036
[monitor] 2026-06-14T17:52:38Z  gpu=0.0%  vram=4.0/49140.0MB  step=?  loss=?  tok/s=?  disk_avail=25840MB  $/h=0.7037037037037036
[monitor] 2026-06-14T17:53:23Z  gpu=0.0%  vram=1608.0/49140.0MB  step=?  loss=?  tok/s=?  disk_avail=25362MB  $/h=0.7037037037037036
[monitor] 2026-06-14T17:53:24Z  gpu=0.0%  vram=1608.0/49140.0MB  step=?  loss=?  tok/s=?  disk_avail=25362MB  $/h=0.7037037037037036
[monitor] 2026-06-14T17:54:08Z  gpu=0.0%  vram=1608.0/49140.0MB  step=?  loss=?  tok/s=?  disk_avail=25362MB  $/h=0.7037037037037036
[monitor] 2026-06-14T17:54:09Z  gpu=0.0%  vram=1608.0/49140.0MB  step=?  loss=?  tok/s=?  disk_avail=25362MB  $/h=0.7037037037037036
[monitor] 2026-06-14T17:54:54Z  gpu=0.0%  vram=24366.0/49140.0MB  step=?  loss=?  tok/s=?  disk_avail=25362MB  $/h=0.7037037037037036
[monitor] 2026-06-14T17:54:55Z  gpu=0.0%  vram=24366.0/49140.0MB  step=?  loss=?  tok/s=?  disk_avail=25362MB  $/h=0.7037037037037036
[monitor] 2026-06-14T17:55:39Z  gpu=0.0%  vram=25266.0/49140.0MB  step=?  loss=?  tok/s=?  disk_avail=25362MB  $/h=0.7037037037037036
[monitor] 2026-06-14T17:55:41Z  gpu=0.0%  vram=25266.0/49140.0MB  step=?  loss=?  tok/s=?  disk_avail=25362MB  $/h=0.7037037037037036
[monitor] 2026-06-14T17:56:25Z  gpu=0.0%  vram=25266.0/49140.0MB  step=?  loss=?  tok/s=?  disk_avail=25362MB  $/h=0.7037037037037036
[monitor] 2026-06-14T17:56:26Z  gpu=0.0%  vram=25266.0/49140.0MB  step=?  loss=?  tok/s=?  disk_avail=25362MB  $/h=0.7037037037037036
[monitor] 2026-06-14T17:57:11Z  gpu=0.0%  vram=25266.0/49140.0MB  step=25  loss=10.3171  tok/s=1775.6  disk_avail=25362MB  $/h=0.7037037037037036
[monitor] 2026-06-14T17:57:12Z  gpu=0.0%  vram=25266.0/49140.0MB  step=25  loss=10.3171  tok/s=1775.6  disk_avail=25362MB  $/h=0.7037037037037036
[monitor] 2026-06-14T17:57:57Z  gpu=82.0%  vram=25266.0/49140.0MB  step=25  loss=10.3171  tok/s=1775.6  disk_avail=25362MB  $/h=0.7037037037037036
[monitor] 2026-06-14T17:57:58Z  gpu=0.0%  vram=25266.0/49140.0MB  step=25  loss=10.3171  tok/s=1775.6  disk_avail=25362MB  $/h=0.7037037037037036
[monitor] 2026-06-14T17:58:42Z  gpu=0.0%  vram=25266.0/49140.0MB  step=25  loss=10.3171  tok/s=1775.6  disk_avail=25362MB  $/h=0.7037037037037036
[monitor] 2026-06-14T17:58:43Z  gpu=0.0%  vram=25266.0/49140.0MB  step=25  loss=10.3171  tok/s=1775.6  disk_avail=25362MB  $/h=0.7037037037037036
[monitor] 2026-06-14T17:59:28Z  gpu=0.0%  vram=25266.0/49140.0MB  step=50  loss=9.1687  tok/s=4103.9  disk_avail=25362MB  $/h=0.7037037037037036
[monitor] 2026-06-14T17:59:29Z  gpu=0.0%  vram=25266.0/49140.0MB  step=50  loss=9.1687  tok/s=4103.9  disk_avail=25362MB  $/h=0.7037037037037036
[monitor] 2026-06-14T18:00:14Z  gpu=0.0%  vram=25266.0/49140.0MB  step=50  loss=9.1687  tok/s=4103.9  disk_avail=25362MB  $/h=0.7037037037037036
[monitor] 2026-06-14T18:00:15Z  gpu=97.0%  vram=25266.0/49140.0MB  step=50  loss=9.1687  tok/s=4103.9  disk_avail=25362MB  $/h=0.7037037037037036
[monitor] 2026-06-14T18:00:59Z  gpu=0.0%  vram=25266.0/49140.0MB  step=75  loss=8.9473  tok/s=3545.6  disk_avail=25362MB  $/h=0.7037037037037036
[monitor] 2026-06-14T18:01:00Z  gpu=0.0%  vram=25266.0/49140.0MB  step=75  loss=8.9473  tok/s=3545.6  disk_avail=25362MB  $/h=0.7037037037037036
[monitor] 2026-06-14T18:01:45Z  gpu=98.0%  vram=25266.0/49140.0MB  step=75  loss=8.9473  tok/s=3545.6  disk_avail=25362MB  $/h=0.7037037037037036
[monitor] 2026-06-14T18:01:46Z  gpu=0.0%  vram=25266.0/49140.0MB  step=75  loss=8.9473  tok/s=3545.6  disk_avail=25362MB  $/h=0.7037037037037036
[monitor] 2026-06-14T18:02:31Z  gpu=0.0%  vram=25266.0/49140.0MB  step=75  loss=8.9473  tok/s=3545.6  disk_avail=25362MB  $/h=0.7037037037037036
[monitor] 2026-06-14T18:02:31Z  gpu=0.0%  vram=25266.0/49140.0MB  step=75  loss=8.9473  tok/s=3545.6  disk_avail=25362MB  $/h=0.7037037037037036
[monitor] 2026-06-14T18:03:16Z  gpu=0.0%  vram=25266.0/49140.0MB  step=100  loss=8.2213  tok/s=3303.9  disk_avail=25362MB  $/h=0.7037037037037036
[monitor] 2026-06-14T18:03:17Z  gpu=0.0%  vram=25266.0/49140.0MB  step=100  loss=8.2213  tok/s=3303.9  disk_avail=25362MB  $/h=0.7037037037037036
[monitor] 2026-06-14T18:04:02Z  gpu=0.0%  vram=25266.0/49140.0MB  step=100  loss=8.2213  tok/s=3303.9  disk_avail=25362MB  $/h=0.7037037037037036
[monitor] 2026-06-14T18:04:03Z  gpu=0.0%  vram=25266.0/49140.0MB  step=100  loss=8.2213  tok/s=3303.9  disk_avail=25362MB  $/h=0.7037037037037036
[monitor] 2026-06-14T18:04:48Z  gpu=66.0%  vram=25266.0/49140.0MB  step=100  loss=8.2213  tok/s=3303.9  disk_avail=25362MB  $/h=0.7037037037037036
[monitor] 2026-06-14T18:04:48Z  gpu=0.0%  vram=25266.0/49140.0MB  step=100  loss=8.2213  tok/s=3303.9  disk_avail=25362MB  $/h=0.7037037037037036
[monitor] 2026-06-14T18:05:33Z  gpu=0.0%  vram=25266.0/49140.0MB  step=125  loss=7.4488  tok/s=3246.9  disk_avail=25362MB  $/h=0.7037037037037036
[monitor] 2026-06-14T18:05:34Z  gpu=0.0%  vram=25266.0/49140.0MB  step=125  loss=7.4488  tok/s=3246.9  disk_avail=25362MB  $/h=0.7037037037037036
[monitor] 2026-06-14T18:06:19Z  gpu=0.0%  vram=25266.0/49140.0MB  step=125  loss=7.4488  tok/s=3246.9  disk_avail=25362MB  $/h=0.7037037037037036
[monitor] 2026-06-14T18:06:20Z  gpu=0.0%  vram=25266.0/49140.0MB  step=125  loss=7.4488  tok/s=3246.9  disk_avail=25362MB  $/h=0.7037037037037036
[monitor] 2026-06-14T18:07:04Z  gpu=0.0%  vram=25266.0/49140.0MB  step=150  loss=7.2729  tok/s=3382.1  disk_avail=25362MB  $/h=0.7037037037037036
[monitor] 2026-06-14T18:07:05Z  gpu=0.0%  vram=25266.0/49140.0MB  step=150  loss=7.2729  tok/s=3382.1  disk_avail=25362MB  $/h=0.7037037037037036
[monitor] 2026-06-14T18:07:50Z  gpu=0.0%  vram=25266.0/49140.0MB  step=150  loss=7.2729  tok/s=3382.1  disk_avail=25362MB  $/h=0.7037037037037036
[monitor] 2026-06-14T18:07:51Z  gpu=0.0%  vram=25266.0/49140.0MB  step=150  loss=7.2729  tok/s=3382.1  disk_avail=25362MB  $/h=0.7037037037037036
[monitor] 2026-06-14T18:08:36Z  gpu=0.0%  vram=25266.0/49140.0MB  step=150  loss=7.2729  tok/s=3382.1  disk_avail=25362MB  $/h=0.7037037037037036
[monitor] 2026-06-14T18:08:36Z  gpu=0.0%  vram=25266.0/49140.0MB  step=150  loss=7.2729  tok/s=3382.1  disk_avail=25362MB  $/h=0.7037037037037036
[monitor] 2026-06-14T18:09:21Z  gpu=0.0%  vram=25266.0/49140.0MB  step=175  loss=6.0712  tok/s=3486.5  disk_avail=25362MB  $/h=0.7037037037037036
[monitor] 2026-06-14T18:09:22Z  gpu=0.0%  vram=25266.0/49140.0MB  step=175  loss=6.0712  tok/s=3486.5  disk_avail=25362MB  $/h=0.7037037037037036
[monitor] 2026-06-14T18:10:07Z  gpu=0.0%  vram=25266.0/49140.0MB  step=175  loss=6.0712  tok/s=3486.5  disk_avail=25362MB  $/h=0.7037037037037036
[monitor] 2026-06-14T18:10:08Z  gpu=0.0%  vram=25266.0/49140.0MB  step=175  loss=6.0712  tok/s=3486.5  disk_avail=25362MB  $/h=0.7037037037037036
[monitor] 2026-06-14T18:10:53Z  gpu=0.0%  vram=25266.0/49140.0MB  step=175  loss=6.0712  tok/s=3486.5  disk_avail=25362MB  $/h=0.7037037037037036
[monitor] 2026-06-14T18:10:53Z  gpu=0.0%  vram=25266.0/49140.0MB  step=175  loss=6.0712  tok/s=3486.5  disk_avail=25362MB  $/h=0.7037037037037036
[monitor] 2026-06-14T18:11:38Z  gpu=0.0%  vram=25266.0/49140.0MB  step=200  loss=5.8631  tok/s=3018.1  disk_avail=25362MB  $/h=0.7037037037037036
[monitor] 2026-06-14T18:11:39Z  gpu=0.0%  vram=25266.0/49140.0MB  step=200  loss=5.8631  tok/s=3018.1  disk_avail=25362MB  $/h=0.7037037037037036
[monitor] 2026-06-14T18:12:24Z  gpu=0.0%  vram=25266.0/49140.0MB  step=200  loss=5.8631  tok/s=3018.1  disk_avail=25362MB  $/h=0.7037037037037036
[monitor] 2026-06-14T18:12:25Z  gpu=100.0%  vram=25266.0/49140.0MB  step=200  loss=5.8631  tok/s=3018.1  disk_avail=25362MB  $/h=0.7037037037037036
[monitor] 2026-06-14T18:13:10Z  gpu=0.0%  vram=25266.0/49140.0MB  step=225  loss=5.2261  tok/s=3452.3  disk_avail=25362MB  $/h=0.7037037037037036
[monitor] 2026-06-14T18:13:10Z  gpu=0.0%  vram=25266.0/49140.0MB  step=225  loss=5.2261  tok/s=3452.3  disk_avail=25362MB  $/h=0.7037037037037036
[monitor] 2026-06-14T18:13:56Z  gpu=0.0%  vram=25266.0/49140.0MB  step=225  loss=5.2261  tok/s=3452.3  disk_avail=25362MB  $/h=0.7037037037037036
[monitor] 2026-06-14T18:13:56Z  gpu=0.0%  vram=25266.0/49140.0MB  step=225  loss=5.2261  tok/s=3452.3  disk_avail=25362MB  $/h=0.7037037037037036
[monitor] 2026-06-14T18:14:41Z  gpu=0.0%  vram=25266.0/49140.0MB  step=225  loss=5.2261  tok/s=3452.3  disk_avail=25362MB  $/h=0.7037037037037036
[monitor] 2026-06-14T18:14:42Z  gpu=0.0%  vram=25266.0/49140.0MB  step=225  loss=5.2261  tok/s=3452.3  disk_avail=25362MB  $/h=0.7037037037037036
[monitor] 2026-06-14T18:15:27Z  gpu=0.0%  vram=25266.0/49140.0MB  step=250  loss=4.7181  tok/s=3112.8  disk_avail=24884MB  $/h=0.7037037037037036
[monitor] 2026-06-14T18:15:28Z  gpu=0.0%  vram=25266.0/49140.0MB  step=250  loss=4.7181  tok/s=3112.8  disk_avail=24884MB  $/h=0.7037037037037036
[monitor] 2026-06-14T18:16:12Z  gpu=0.0%  vram=25266.0/49140.0MB  step=250  loss=4.7181  tok/s=3112.8  disk_avail=24884MB  $/h=0.7037037037037036
[monitor] 2026-06-14T18:16:14Z  gpu=0.0%  vram=25266.0/49140.0MB  step=250  loss=4.7181  tok/s=3112.8  disk_avail=24884MB  $/h=0.7037037037037036
[monitor] 2026-06-14T18:16:58Z  gpu=0.0%  vram=25266.0/49140.0MB  step=250  loss=4.7181  tok/s=3112.8  disk_avail=24884MB  $/h=0.7037037037037036
[monitor] 2026-06-14T18:17:00Z  gpu=0.0%  vram=25266.0/49140.0MB  step=250  loss=4.7181  tok/s=3112.8  disk_avail=24884MB  $/h=0.7037037037037036
[monitor] 2026-06-14T18:17:44Z  gpu=0.0%  vram=25266.0/49140.0MB  step=275  loss=4.5543  tok/s=3121.5  disk_avail=24884MB  $/h=0.7037037037037036
[monitor] 2026-06-14T18:17:45Z  gpu=0.0%  vram=25266.0/49140.0MB  step=275  loss=4.5543  tok/s=3121.5  disk_avail=24884MB  $/h=0.7037037037037036
[monitor] 2026-06-14T18:18:29Z  gpu=0.0%  vram=25266.0/49140.0MB  step=275  loss=4.5543  tok/s=3121.5  disk_avail=24884MB  $/h=0.7037037037037036
[monitor] 2026-06-14T18:18:31Z  gpu=0.0%  vram=25266.0/49140.0MB  step=275  loss=4.5543  tok/s=3121.5  disk_avail=24884MB  $/h=0.7037037037037036
[monitor] 2026-06-14T18:19:15Z  gpu=0.0%  vram=25266.0/49140.0MB  step=275  loss=4.5543  tok/s=3121.5  disk_avail=24884MB  $/h=0.7037037037037036
[monitor] 2026-06-14T18:19:17Z  gpu=0.0%  vram=25266.0/49140.0MB  step=275  loss=4.5543  tok/s=3121.5  disk_avail=24884MB  $/h=0.7037037037037036
[monitor] 2026-06-14T18:20:01Z  gpu=0.0%  vram=25266.0/49140.0MB  step=300  loss=3.8103  tok/s=3357.7  disk_avail=24884MB  $/h=0.7037037037037036
[monitor] 2026-06-14T18:20:02Z  gpu=0.0%  vram=25266.0/49140.0MB  step=300  loss=3.8103  tok/s=3357.7  disk_avail=24884MB  $/h=0.7037037037037036
[monitor] 2026-06-14T18:20:47Z  gpu=0.0%  vram=25266.0/49140.0MB  step=300  loss=3.8103  tok/s=3357.7  disk_avail=24884MB  $/h=0.7037037037037036
[monitor] 2026-06-14T18:20:48Z  gpu=0.0%  vram=25266.0/49140.0MB  step=300  loss=3.8103  tok/s=3357.7  disk_avail=24884MB  $/h=0.7037037037037036
[monitor] 2026-06-14T18:21:32Z  gpu=0.0%  vram=25266.0/49140.0MB  step=325  loss=3.8872  tok/s=3658.5  disk_avail=24884MB  $/h=0.7037037037037036
[monitor] 2026-06-14T18:21:34Z  gpu=0.0%  vram=25266.0/49140.0MB  step=325  loss=3.8872  tok/s=3658.5  disk_avail=24884MB  $/h=0.7037037037037036
[monitor] 2026-06-14T18:22:18Z  gpu=0.0%  vram=25266.0/49140.0MB  step=325  loss=3.8872  tok/s=3658.5  disk_avail=24884MB  $/h=0.7037037037037036
[monitor] 2026-06-14T18:22:19Z  gpu=0.0%  vram=25266.0/49140.0MB  step=325  loss=3.8872  tok/s=3658.5  disk_avail=24884MB  $/h=0.7037037037037036
[monitor] 2026-06-14T18:23:04Z  gpu=0.0%  vram=25266.0/49140.0MB  step=325  loss=3.8872  tok/s=3658.5  disk_avail=24884MB  $/h=0.7037037037037036
[monitor] 2026-06-14T18:23:05Z  gpu=0.0%  vram=25266.0/49140.0MB  step=325  loss=3.8872  tok/s=3658.5  disk_avail=24884MB  $/h=0.7037037037037036
[monitor] 2026-06-14T18:23:49Z  gpu=0.0%  vram=25266.0/49140.0MB  step=350  loss=3.0913  tok/s=3704.6  disk_avail=24884MB  $/h=0.7037037037037036
[monitor] 2026-06-14T18:23:51Z  gpu=0.0%  vram=25266.0/49140.0MB  step=350  loss=3.0913  tok/s=3704.6  disk_avail=24884MB  $/h=0.7037037037037036
[monitor] 2026-06-14T18:24:35Z  gpu=0.0%  vram=25266.0/49140.0MB  step=350  loss=3.0913  tok/s=3704.6  disk_avail=24884MB  $/h=0.7037037037037036
[monitor] 2026-06-14T18:24:36Z  gpu=0.0%  vram=25266.0/49140.0MB  step=350  loss=3.0913  tok/s=3704.6  disk_avail=24884MB  $/h=0.7037037037037036
[monitor] 2026-06-14T18:25:20Z  gpu=0.0%  vram=25266.0/49140.0MB  step=350  loss=3.0913  tok/s=3704.6  disk_avail=24884MB  $/h=0.7037037037037036
[monitor] 2026-06-14T18:25:22Z  gpu=90.0%  vram=25266.0/49140.0MB  step=350  loss=3.0913  tok/s=3704.6  disk_avail=24884MB  $/h=0.7037037037037036
[monitor] 2026-06-14T18:26:06Z  gpu=0.0%  vram=25266.0/49140.0MB  step=375  loss=2.9838  tok/s=2439.2  disk_avail=24884MB  $/h=0.7037037037037036
[monitor] 2026-06-14T18:26:08Z  gpu=0.0%  vram=25266.0/49140.0MB  step=375  loss=2.9838  tok/s=2439.2  disk_avail=24884MB  $/h=0.7037037037037036
[monitor] 2026-06-14T18:26:52Z  gpu=0.0%  vram=25266.0/49140.0MB  step=375  loss=2.9838  tok/s=2439.2  disk_avail=24884MB  $/h=0.7037037037037036
[monitor] 2026-06-14T18:26:53Z  gpu=0.0%  vram=25266.0/49140.0MB  step=375  loss=2.9838  tok/s=2439.2  disk_avail=24884MB  $/h=0.7037037037037036
[monitor] 2026-06-14T18:27:38Z  gpu=0.0%  vram=25266.0/49140.0MB  step=375  loss=2.9838  tok/s=2439.2  disk_avail=24884MB  $/h=0.7037037037037036
[monitor] 2026-06-14T18:27:39Z  gpu=100.0%  vram=25266.0/49140.0MB  step=375  loss=2.9838  tok/s=2439.2  disk_avail=24884MB  $/h=0.7037037037037036
[monitor] 2026-06-14T18:28:24Z  gpu=0.0%  vram=25266.0/49140.0MB  step=400  loss=2.8036  tok/s=4009.2  disk_avail=24884MB  $/h=0.7037037037037036
[monitor] 2026-06-14T18:28:25Z  gpu=0.0%  vram=25266.0/49140.0MB  step=400  loss=2.8036  tok/s=4009.2  disk_avail=24884MB  $/h=0.7037037037037036
[monitor] 2026-06-14T18:29:09Z  gpu=0.0%  vram=25266.0/49140.0MB  step=400  loss=2.8036  tok/s=4009.2  disk_avail=24884MB  $/h=0.7037037037037036
[monitor] 2026-06-14T18:29:10Z  gpu=0.0%  vram=25266.0/49140.0MB  step=400  loss=2.8036  tok/s=4009.2  disk_avail=24884MB  $/h=0.7037037037037036
[monitor] writing to /workspace/vlm-sink-emergence/compute_log.jsonl every 45s
[monitor] 2026-06-14T18:36:55Z  gpu=0.0%  vram=1.0/49140.0MB  step=?  loss=?  tok/s=?  disk_avail=25839MB  $/h=0.7037037037037036
[monitor] 2026-06-14T18:37:40Z  gpu=0.0%  vram=4.0/49140.0MB  step=?  loss=?  tok/s=?  disk_avail=25839MB  $/h=0.7037037037037036
[monitor] 2026-06-14T18:38:26Z  gpu=0.0%  vram=4.0/49140.0MB  step=?  loss=?  tok/s=?  disk_avail=25839MB  $/h=0.7037037037037036
[monitor] 2026-06-14T18:39:11Z  gpu=0.0%  vram=4.0/49140.0MB  step=?  loss=?  tok/s=?  disk_avail=25839MB  $/h=0.7037037037037036
[monitor] 2026-06-14T18:39:57Z  gpu=0.0%  vram=1608.0/49140.0MB  step=?  loss=?  tok/s=?  disk_avail=25361MB  $/h=0.7037037037037036
[monitor] 2026-06-14T18:40:43Z  gpu=0.0%  vram=1608.0/49140.0MB  step=?  loss=?  tok/s=?  disk_avail=25361MB  $/h=0.7037037037037036
[monitor] 2026-06-14T18:41:29Z  gpu=0.0%  vram=1608.0/49140.0MB  step=?  loss=?  tok/s=?  disk_avail=25361MB  $/h=0.7037037037037036
[monitor] 2026-06-14T18:42:14Z  gpu=0.0%  vram=1608.0/49140.0MB  step=?  loss=?  tok/s=?  disk_avail=25361MB  $/h=0.7037037037037036
[monitor] 2026-06-14T18:43:00Z  gpu=0.0%  vram=1614.0/49140.0MB  step=?  loss=?  tok/s=?  disk_avail=25361MB  $/h=0.7037037037037036
[monitor] 2026-06-14T18:43:46Z  gpu=0.0%  vram=1.0/49140.0MB  step=?  loss=?  tok/s=?  disk_avail=25361MB  $/h=0.7037037037037036
[monitor] 2026-06-14T18:44:32Z  gpu=0.0%  vram=1.0/49140.0MB  step=?  loss=?  tok/s=?  disk_avail=25361MB  $/h=0.7037037037037036
[monitor] writing to /workspace/vlm-sink-emergence/compute_log.jsonl every 45s
[monitor] 2026-06-14T18:46:32Z  gpu=0%  vram=1/49140MB  step=?  loss=?  tok/s=?  disk_avail=25838MB  $/h=0.7037
[monitor] 2026-06-14T18:47:17Z  gpu=0%  vram=4/49140MB  step=?  loss=?  tok/s=?  disk_avail=25838MB  $/h=0.7037
[monitor] 2026-06-14T18:48:03Z  gpu=0%  vram=4/49140MB  step=?  loss=?  tok/s=?  disk_avail=25838MB  $/h=0.7037
[monitor] 2026-06-14T18:48:49Z  gpu=0%  vram=4/49140MB  step=?  loss=?  tok/s=?  disk_avail=25838MB  $/h=0.7037
[monitor] 2026-06-14T18:49:34Z  gpu=0%  vram=1608/49140MB  step=?  loss=?  tok/s=?  disk_avail=25361MB  $/h=0.7037
[monitor] 2026-06-14T18:50:20Z  gpu=0%  vram=1610/49140MB  step=?  loss=?  tok/s=?  disk_avail=25361MB  $/h=0.7037
[monitor] 2026-06-14T18:51:06Z  gpu=100%  vram=25272/49140MB  step=?  loss=?  tok/s=?  disk_avail=25361MB  $/h=0.7037
[monitor] 2026-06-14T18:51:52Z  gpu=0%  vram=25272/49140MB  step=150  loss=7.2027  tok/s=54366.2  disk_avail=25360MB  $/h=0.7037
[monitor] writing to /workspace/vlm-sink-emergence/compute_log.jsonl every 45s
[monitor] 2026-06-14T18:53:04Z  gpu=0%  vram=1/49140MB  step=?  loss=?  tok/s=?  disk_avail=25838MB  $/h=0.7037
[monitor] 2026-06-14T18:53:49Z  gpu=0%  vram=4/49140MB  step=?  loss=?  tok/s=?  disk_avail=25838MB  $/h=0.7037
[monitor] 2026-06-14T18:54:35Z  gpu=0%  vram=4/49140MB  step=?  loss=?  tok/s=?  disk_avail=25838MB  $/h=0.7037
[monitor] 2026-06-14T18:55:20Z  gpu=0%  vram=4/49140MB  step=?  loss=?  tok/s=?  disk_avail=25838MB  $/h=0.7037
[monitor] 2026-06-14T18:56:06Z  gpu=0%  vram=1608/49140MB  step=?  loss=?  tok/s=?  disk_avail=25361MB  $/h=0.7037
[monitor] 2026-06-14T18:56:52Z  gpu=0%  vram=1610/49140MB  step=?  loss=?  tok/s=?  disk_avail=25361MB  $/h=0.7037
[monitor] 2026-06-14T18:57:37Z  gpu=99%  vram=25270/49140MB  step=50  loss=9.3807  tok/s=54805.1  disk_avail=25360MB  $/h=0.7037
[monitor] 2026-06-14T18:58:23Z  gpu=100%  vram=25270/49140MB  step=200  loss=5.5326  tok/s=54390.4  disk_avail=25360MB  $/h=0.7037
[monitor] 2026-06-14T18:59:09Z  gpu=99%  vram=25270/49140MB  step=350  loss=3.3561  tok/s=54165.6  disk_avail=24883MB  $/h=0.7037
[monitor] 2026-06-14T18:59:54Z  gpu=100%  vram=25270/49140MB  step=475  loss=3.1648  tok/s=51062.6  disk_avail=24883MB  $/h=0.7037
[monitor] 2026-06-14T19:00:41Z  gpu=100%  vram=25272/49140MB  step=575  loss=2.6673  tok/s=54374.6  disk_avail=24882MB  $/h=0.7037
[monitor] 2026-06-14T19:01:26Z  gpu=99%  vram=25272/49140MB  step=700  loss=2.2591  tok/s=54282.5  disk_avail=24882MB  $/h=0.7037
[monitor] 2026-06-14T19:02:12Z  gpu=0%  vram=25272/49140MB  step=825  loss=1.6926  tok/s=54125.2  disk_avail=24882MB  $/h=0.7037
[monitor] 2026-06-14T19:02:58Z  gpu=0%  vram=25272/49140MB  step=900  loss=2.5274  tok/s=46601.2  disk_avail=24882MB  $/h=0.7037
[monitor] 2026-06-14T19:03:43Z  gpu=0%  vram=25272/49140MB  step=1000  loss=1.8232  tok/s=54305.7  disk_avail=24882MB  $/h=0.7037
[monitor] 2026-06-14T19:04:29Z  gpu=0%  vram=25272/49140MB  step=1025  loss=1.9376  tok/s=49290.5  disk_avail=24404MB  $/h=0.7037
[monitor] 2026-06-14T19:05:15Z  gpu=99%  vram=25272/49140MB  step=1150  loss=1.8604  tok/s=54327.8  disk_avail=24405MB  $/h=0.7037
[monitor] 2026-06-14T19:06:00Z  gpu=100%  vram=25272/49140MB  step=1300  loss=1.9179  tok/s=54253.5  disk_avail=24404MB  $/h=0.7037
[monitor] 2026-06-14T19:06:46Z  gpu=0%  vram=25272/49140MB  step=1400  loss=1.6418  tok/s=54267.5  disk_avail=24404MB  $/h=0.7037
[monitor] 2026-06-14T19:07:32Z  gpu=97%  vram=25272/49140MB  step=1500  loss=1.7999  tok/s=54314.4  disk_avail=24404MB  $/h=0.7037
[monitor] 2026-06-14T19:08:17Z  gpu=99%  vram=25272/49140MB  step=1575  loss=1.7023  tok/s=54369.1  disk_avail=24404MB  $/h=0.7037
[monitor] 2026-06-14T19:09:03Z  gpu=98%  vram=25272/49140MB  step=1650  loss=1.6322  tok/s=53645.9  disk_avail=24404MB  $/h=0.7037
[monitor] 2026-06-14T19:09:49Z  gpu=100%  vram=25272/49140MB  step=1700  loss=1.5562  tok/s=51701.1  disk_avail=24404MB  $/h=0.7037
[monitor] 2026-06-14T19:10:34Z  gpu=100%  vram=25272/49140MB  step=1800  loss=1.7082  tok/s=31614.2  disk_avail=24404MB  $/h=0.7037
[monitor] 2026-06-14T19:11:20Z  gpu=0%  vram=25272/49140MB  step=1900  loss=1.6139  tok/s=54335.8  disk_avail=24404MB  $/h=0.7037
[monitor] 2026-06-14T19:12:06Z  gpu=0%  vram=25272/49140MB  step=1975  loss=1.6213  tok/s=53600.6  disk_avail=24404MB  $/h=0.7037
[monitor] 2026-06-14T19:12:51Z  gpu=0%  vram=25272/49140MB  step=2025  loss=1.4536  tok/s=54669.5  disk_avail=23926MB  $/h=0.7037
[monitor] 2026-06-14T19:13:37Z  gpu=0%  vram=25272/49140MB  step=2125  loss=1.8183  tok/s=49449.7  disk_avail=23926MB  $/h=0.7037
[monitor] 2026-06-14T19:14:22Z  gpu=100%  vram=25272/49140MB  step=2250  loss=1.4875  tok/s=54353.6  disk_avail=23926MB  $/h=0.7037
[monitor] 2026-06-14T19:15:08Z  gpu=0%  vram=25272/49140MB  step=2375  loss=1.6448  tok/s=54244.2  disk_avail=23926MB  $/h=0.7037
[monitor] 2026-06-14T19:15:54Z  gpu=99%  vram=25272/49140MB  step=2475  loss=1.7588  tok/s=52349.6  disk_avail=23926MB  $/h=0.7037
[monitor] 2026-06-14T19:16:39Z  gpu=100%  vram=25272/49140MB  step=2550  loss=1.4999  tok/s=54493.6  disk_avail=23926MB  $/h=0.7037
[monitor] 2026-06-14T19:17:25Z  gpu=100%  vram=25272/49140MB  step=2600  loss=1.7431  tok/s=13824.4  disk_avail=23926MB  $/h=0.7037
[monitor] 2026-06-14T19:18:10Z  gpu=100%  vram=25272/49140MB  step=2675  loss=1.6688  tok/s=34215.9  disk_avail=23926MB  $/h=0.7037
[monitor] 2026-06-14T19:18:56Z  gpu=100%  vram=25272/49140MB  step=2800  loss=1.5664  tok/s=54209.3  disk_avail=23926MB  $/h=0.7037
[monitor] 2026-06-14T19:19:42Z  gpu=100%  vram=25272/49140MB  step=2875  loss=1.5046  tok/s=54305.8  disk_avail=23926MB  $/h=0.7037
[monitor] 2026-06-14T19:20:27Z  gpu=0%  vram=25272/49140MB  step=3000  loss=1.2223  tok/s=53636.9  disk_avail=23926MB  $/h=0.7037
[monitor] 2026-06-14T19:21:13Z  gpu=0%  vram=25272/49140MB  step=3075  loss=1.5729  tok/s=54277.0  disk_avail=23926MB  $/h=0.7037
[monitor] 2026-06-14T19:21:59Z  gpu=100%  vram=25272/49140MB  step=3175  loss=1.5357  tok/s=23873.9  disk_avail=23926MB  $/h=0.7037
[monitor] 2026-06-14T19:22:44Z  gpu=98%  vram=25272/49140MB  step=3275  loss=1.5839  tok/s=54564.3  disk_avail=23926MB  $/h=0.7037
[monitor] 2026-06-14T19:23:30Z  gpu=0%  vram=25272/49140MB  step=3350  loss=1.4993  tok/s=52178.9  disk_avail=23926MB  $/h=0.7037
[monitor] 2026-06-14T19:24:15Z  gpu=0%  vram=25272/49140MB  step=3450  loss=1.4222  tok/s=54341.8  disk_avail=23926MB  $/h=0.7037
[monitor] 2026-06-14T19:25:01Z  gpu=66%  vram=25272/49140MB  step=3475  loss=1.5235  tok/s=8293.2  disk_avail=23926MB  $/h=0.7037
[monitor] 2026-06-14T19:25:47Z  gpu=99%  vram=25272/49140MB  step=3550  loss=1.5206  tok/s=54612.2  disk_avail=23926MB  $/h=0.7037
[monitor] 2026-06-14T19:26:33Z  gpu=100%  vram=25272/49140MB  step=3700  loss=1.5337  tok/s=54380.5  disk_avail=23926MB  $/h=0.7037
[monitor] 2026-06-14T19:27:18Z  gpu=100%  vram=25272/49140MB  step=3775  loss=1.8412  tok/s=54262.1  disk_avail=23926MB  $/h=0.7037
[monitor] 2026-06-14T19:28:04Z  gpu=100%  vram=25272/49140MB  step=3850  loss=1.4555  tok/s=53002.4  disk_avail=23925MB  $/h=0.7037
[monitor] 2026-06-14T19:28:50Z  gpu=0%  vram=25272/49140MB  step=4000  loss=1.5034  tok/s=52447.6  disk_avail=23925MB  $/h=0.7037
[monitor] 2026-06-14T19:29:35Z  gpu=82%  vram=25272/49140MB  step=4050  loss=1.4804  tok/s=37958.6  disk_avail=23448MB  $/h=0.7037
[monitor] 2026-06-14T19:30:21Z  gpu=0%  vram=25272/49140MB  step=4175  loss=1.6621  tok/s=54530.9  disk_avail=23448MB  $/h=0.7037
[monitor] 2026-06-14T19:31:06Z  gpu=0%  vram=25272/49140MB  step=4175  loss=1.6621  tok/s=54530.9  disk_avail=23448MB  $/h=0.7037
[monitor] 2026-06-14T19:31:52Z  gpu=0%  vram=25272/49140MB  step=4200  loss=1.3771  tok/s=4591.2  disk_avail=23448MB  $/h=0.7037
[monitor] 2026-06-14T19:32:38Z  gpu=0%  vram=25272/49140MB  step=4200  loss=1.3771  tok/s=4591.2  disk_avail=23448MB  $/h=0.7037
[monitor] 2026-06-14T19:33:23Z  gpu=0%  vram=25272/49140MB  step=4225  loss=1.3434  tok/s=5204.7  disk_avail=23448MB  $/h=0.7037
[monitor] 2026-06-14T19:34:09Z  gpu=0%  vram=25272/49140MB  step=4225  loss=1.3434  tok/s=5204.7  disk_avail=23448MB  $/h=0.7037
[monitor] 2026-06-14T19:34:55Z  gpu=0%  vram=25272/49140MB  step=4250  loss=1.1898  tok/s=4099.7  disk_avail=23448MB  $/h=0.7037
[monitor] 2026-06-14T19:35:40Z  gpu=0%  vram=25272/49140MB  step=4250  loss=1.1898  tok/s=4099.7  disk_avail=23448MB  $/h=0.7037
[monitor] 2026-06-14T19:36:26Z  gpu=0%  vram=25272/49140MB  step=4275  loss=1.6013  tok/s=4395.5  disk_avail=23448MB  $/h=0.7037
[monitor] 2026-06-14T19:37:11Z  gpu=0%  vram=25272/49140MB  step=4275  loss=1.6013  tok/s=4395.5  disk_avail=23448MB  $/h=0.7037
[monitor] 2026-06-14T19:37:57Z  gpu=0%  vram=25272/49140MB  step=4275  loss=1.6013  tok/s=4395.5  disk_avail=23448MB  $/h=0.7037
[monitor] 2026-06-14T19:38:43Z  gpu=100%  vram=25272/49140MB  step=4375  loss=1.4829  tok/s=54744.9  disk_avail=23448MB  $/h=0.7037
[monitor] 2026-06-14T19:39:29Z  gpu=0%  vram=25272/49140MB  step=4500  loss=1.0688  tok/s=54361.8  disk_avail=23448MB  $/h=0.7037
[monitor] 2026-06-14T19:40:14Z  gpu=99%  vram=25272/49140MB  step=4600  loss=1.2448  tok/s=54410.0  disk_avail=23447MB  $/h=0.7037
[monitor] 2026-06-14T19:41:00Z  gpu=100%  vram=25272/49140MB  step=4725  loss=1.4031  tok/s=54274.5  disk_avail=23447MB  $/h=0.7037
[monitor] 2026-06-14T19:41:45Z  gpu=100%  vram=25272/49140MB  step=4850  loss=1.3496  tok/s=54406.5  disk_avail=23447MB  $/h=0.7037
[monitor] 2026-06-14T19:42:31Z  gpu=0%  vram=25272/49140MB  step=5000  loss=1.0894  tok/s=54369.4  disk_avail=23447MB  $/h=0.7037
[monitor] 2026-06-14T19:43:17Z  gpu=99%  vram=25272/49140MB  step=5075  loss=1.2423  tok/s=54543.4  disk_avail=23447MB  $/h=0.7037
[monitor] 2026-06-14T19:44:02Z  gpu=0%  vram=25272/49140MB  step=5200  loss=1.2517  tok/s=54480.4  disk_avail=23447MB  $/h=0.7037
[monitor] 2026-06-14T19:44:48Z  gpu=0%  vram=25272/49140MB  step=5325  loss=1.4389  tok/s=40193.2  disk_avail=23447MB  $/h=0.7037
[monitor] 2026-06-14T19:45:34Z  gpu=100%  vram=25272/49140MB  step=5425  loss=1.3078  tok/s=54333.1  disk_avail=23447MB  $/h=0.7037
[monitor] 2026-06-14T19:46:19Z  gpu=100%  vram=25272/49140MB  step=5500  loss=1.2548  tok/s=54310.4  disk_avail=23447MB  $/h=0.7037
[monitor] 2026-06-14T19:47:05Z  gpu=99%  vram=25272/49140MB  step=5650  loss=1.4585  tok/s=53440.6  disk_avail=23446MB  $/h=0.7037
[monitor] 2026-06-14T19:47:51Z  gpu=99%  vram=25272/49140MB  step=5750  loss=1.4399  tok/s=53947.8  disk_avail=23446MB  $/h=0.7037
[monitor] 2026-06-14T19:48:36Z  gpu=16%  vram=25272/49140MB  step=5900  loss=1.4268  tok/s=31809.1  disk_avail=23446MB  $/h=0.7037
[monitor] 2026-06-14T19:49:22Z  gpu=0%  vram=25272/49140MB  step=6000  loss=1.2916  tok/s=17366.4  disk_avail=23446MB  $/h=0.7037
[monitor] 2026-06-14T19:50:07Z  gpu=98%  vram=25272/49140MB  step=6050  loss=1.1762  tok/s=46408.3  disk_avail=23446MB  $/h=0.7037
[monitor] 2026-06-14T19:50:53Z  gpu=100%  vram=25272/49140MB  step=6175  loss=1.2407  tok/s=46211.1  disk_avail=23446MB  $/h=0.7037
[monitor] 2026-06-14T19:51:39Z  gpu=100%  vram=25272/49140MB  step=6275  loss=1.0466  tok/s=51379.1  disk_avail=23446MB  $/h=0.7037
[monitor] 2026-06-14T19:52:24Z  gpu=100%  vram=25272/49140MB  step=6375  loss=1.1617  tok/s=48340.8  disk_avail=23446MB  $/h=0.7037
[monitor] 2026-06-14T19:53:10Z  gpu=100%  vram=25272/49140MB  step=6475  loss=1.2141  tok/s=46477.2  disk_avail=23446MB  $/h=0.7037
[monitor] 2026-06-14T19:53:56Z  gpu=0%  vram=25272/49140MB  step=6550  loss=1.358  tok/s=54689.0  disk_avail=23446MB  $/h=0.7037
[monitor] 2026-06-14T19:54:41Z  gpu=0%  vram=25272/49140MB  step=6675  loss=1.1659  tok/s=45017.6  disk_avail=23447MB  $/h=0.7037
[monitor] 2026-06-14T19:55:27Z  gpu=99%  vram=25272/49140MB  step=6800  loss=1.3527  tok/s=51431.1  disk_avail=23446MB  $/h=0.7037
[monitor] 2026-06-14T19:56:13Z  gpu=0%  vram=25272/49140MB  step=6925  loss=1.2672  tok/s=40720.1  disk_avail=23446MB  $/h=0.7037
[monitor] 2026-06-14T19:56:58Z  gpu=0%  vram=25272/49140MB  step=7000  loss=1.3577  tok/s=23166.3  disk_avail=23446MB  $/h=0.7037
[monitor] 2026-06-14T19:57:44Z  gpu=98%  vram=25272/49140MB  step=7100  loss=1.2054  tok/s=50416.8  disk_avail=23446MB  $/h=0.7037
[monitor] 2026-06-14T19:58:30Z  gpu=100%  vram=25272/49140MB  step=7225  loss=1.3654  tok/s=54203.5  disk_avail=23446MB  $/h=0.7037
[monitor] 2026-06-14T19:59:15Z  gpu=98%  vram=25272/49140MB  step=7375  loss=1.2171  tok/s=51857.7  disk_avail=23446MB  $/h=0.7037
[monitor] 2026-06-14T20:00:01Z  gpu=0%  vram=25272/49140MB  step=7500  loss=1.1686  tok/s=52806.7  disk_avail=23446MB  $/h=0.7037
[monitor] 2026-06-14T20:00:48Z  gpu=100%  vram=25272/49140MB  step=7550  loss=1.3737  tok/s=25566.0  disk_avail=23446MB  $/h=0.7037
[monitor] 2026-06-14T20:01:33Z  gpu=100%  vram=25272/49140MB  step=7675  loss=1.18  tok/s=31661.1  disk_avail=23446MB  $/h=0.7037
[monitor] 2026-06-14T20:02:19Z  gpu=99%  vram=25272/49140MB  step=7800  loss=1.2916  tok/s=52365.9  disk_avail=23446MB  $/h=0.7037
[monitor] 2026-06-14T20:03:05Z  gpu=100%  vram=25272/49140MB  step=7925  loss=1.1889  tok/s=43117.3  disk_avail=23446MB  $/h=0.7037
[monitor] 2026-06-14T20:03:51Z  gpu=100%  vram=25272/49140MB  step=8000  loss=1.1223  tok/s=54502.3  disk_avail=22968MB  $/h=0.7037
[monitor] 2026-06-14T20:04:36Z  gpu=0%  vram=25272/49140MB  step=8125  loss=1.3853  tok/s=54679.8  disk_avail=22968MB  $/h=0.7037
[monitor] 2026-06-14T20:05:22Z  gpu=100%  vram=25272/49140MB  step=8250  loss=1.2203  tok/s=45964.3  disk_avail=22969MB  $/h=0.7037
[monitor] 2026-06-14T20:06:08Z  gpu=100%  vram=25272/49140MB  step=8375  loss=1.2119  tok/s=54497.5  disk_avail=22968MB  $/h=0.7037
[monitor] 2026-06-14T20:06:53Z  gpu=0%  vram=25272/49140MB  step=8450  loss=1.1871  tok/s=52145.2  disk_avail=22968MB  $/h=0.7037
[monitor] 2026-06-14T20:07:39Z  gpu=99%  vram=25272/49140MB  step=8475  loss=1.1126  tok/s=12410.2  disk_avail=22968MB  $/h=0.7037
[monitor] 2026-06-14T20:08:24Z  gpu=0%  vram=25272/49140MB  step=8475  loss=1.1126  tok/s=12410.2  disk_avail=22968MB  $/h=0.7037
[monitor] 2026-06-14T20:09:10Z  gpu=0%  vram=25272/49140MB  step=8500  loss=1.1747  tok/s=4557.3  disk_avail=22968MB  $/h=0.7037
[monitor] 2026-06-14T20:09:56Z  gpu=0%  vram=25272/49140MB  step=8525  loss=1.0185  tok/s=7012.8  disk_avail=22968MB  $/h=0.7037
[monitor] 2026-06-14T20:10:41Z  gpu=0%  vram=25272/49140MB  step=8525  loss=1.0185  tok/s=7012.8  disk_avail=22968MB  $/h=0.7037
[monitor] 2026-06-14T20:11:27Z  gpu=0%  vram=25272/49140MB  step=8550  loss=1.0764  tok/s=4378.8  disk_avail=22968MB  $/h=0.7037
[monitor] 2026-06-14T20:12:12Z  gpu=0%  vram=25272/49140MB  step=8550  loss=1.0764  tok/s=4378.8  disk_avail=22968MB  $/h=0.7037
[monitor] 2026-06-14T20:12:58Z  gpu=0%  vram=25272/49140MB  step=8550  loss=1.0764  tok/s=4378.8  disk_avail=22968MB  $/h=0.7037
[monitor] 2026-06-14T20:13:44Z  gpu=0%  vram=25272/49140MB  step=8550  loss=1.0764  tok/s=4378.8  disk_avail=22968MB  $/h=0.7037
[monitor] 2026-06-14T20:14:29Z  gpu=100%  vram=25272/49140MB  step=8675  loss=0.9839  tok/s=54783.3  disk_avail=22968MB  $/h=0.7037
[monitor] 2026-06-14T20:15:15Z  gpu=0%  vram=1/49140MB  step=8750  loss=1.3694  tok/s=54658.4  disk_avail=22968MB  $/h=0.7037
[monitor] writing to /workspace/vlm-sink-emergence/compute_log.jsonl every 45s
[monitor] 2026-06-14T20:15:56Z  gpu=0%  vram=1/49140MB  step=?  loss=?  tok/s=?  disk_avail=25838MB  $/h=0.7037
[monitor] 2026-06-14T20:16:42Z  gpu=0%  vram=4/49140MB  step=?  loss=?  tok/s=?  disk_avail=25838MB  $/h=0.7037
[monitor] 2026-06-14T20:17:28Z  gpu=0%  vram=4/49140MB  step=?  loss=?  tok/s=?  disk_avail=25838MB  $/h=0.7037
[monitor] 2026-06-14T20:18:13Z  gpu=0%  vram=4/49140MB  step=?  loss=?  tok/s=?  disk_avail=25838MB  $/h=0.7037
[monitor] 2026-06-14T20:18:59Z  gpu=0%  vram=1608/49140MB  step=?  loss=?  tok/s=?  disk_avail=25360MB  $/h=0.7037
[monitor] 2026-06-14T20:19:45Z  gpu=99%  vram=25270/49140MB  step=?  loss=?  tok/s=?  disk_avail=25360MB  $/h=0.7037
[monitor] 2026-06-14T20:20:30Z  gpu=85%  vram=25270/49140MB  step=125  loss=7.3473  tok/s=42795.5  disk_avail=25360MB  $/h=0.7037
[monitor] 2026-06-14T20:21:16Z  gpu=100%  vram=25270/49140MB  step=250  loss=4.6011  tok/s=43948.6  disk_avail=24882MB  $/h=0.7037
[monitor] 2026-06-14T20:22:02Z  gpu=100%  vram=25270/49140MB  step=350  loss=3.0991  tok/s=27499.0  disk_avail=24882MB  $/h=0.7037
[monitor] 2026-06-14T20:22:47Z  gpu=100%  vram=25270/49140MB  step=450  loss=2.5383  tok/s=44248.3  disk_avail=24882MB  $/h=0.7037
[monitor] 2026-06-14T20:23:33Z  gpu=100%  vram=25270/49140MB  step=525  loss=2.4641  tok/s=54848.6  disk_avail=24882MB  $/h=0.7037
[monitor] 2026-06-14T20:24:18Z  gpu=100%  vram=25270/49140MB  step=650  loss=2.3497  tok/s=42262.5  disk_avail=24882MB  $/h=0.7037
[monitor] 2026-06-14T20:25:04Z  gpu=0%  vram=25270/49140MB  step=725  loss=2.2767  tok/s=42698.7  disk_avail=24882MB  $/h=0.7037
[monitor] 2026-06-14T20:25:50Z  gpu=0%  vram=25270/49140MB  step=825  loss=2.0787  tok/s=34907.3  disk_avail=24882MB  $/h=0.7037
[monitor] 2026-06-14T20:26:35Z  gpu=98%  vram=25270/49140MB  step=950  loss=1.9318  tok/s=41607.6  disk_avail=24882MB  $/h=0.7037
[monitor] 2026-06-14T20:27:21Z  gpu=99%  vram=25270/49140MB  step=1000  loss=2.3968  tok/s=43522.5  disk_avail=24404MB  $/h=0.7037
[monitor] writing to /workspace/vlm-sink-emergence/compute_log.jsonl every 45s
[monitor] 2026-06-14T20:28:33Z  gpu=0%  vram=1/49140MB  step=?  loss=?  tok/s=?  disk_avail=25837MB  $/h=0.7037
[monitor] 2026-06-14T20:29:18Z  gpu=0%  vram=4/49140MB  step=?  loss=?  tok/s=?  disk_avail=25837MB  $/h=0.7037
[monitor] 2026-06-14T20:30:04Z  gpu=0%  vram=4/49140MB  step=?  loss=?  tok/s=?  disk_avail=25837MB  $/h=0.7037
[monitor] 2026-06-14T20:30:50Z  gpu=0%  vram=4/49140MB  step=?  loss=?  tok/s=?  disk_avail=25837MB  $/h=0.7037
[monitor] 2026-06-14T20:31:36Z  gpu=0%  vram=1608/49140MB  step=?  loss=?  tok/s=?  disk_avail=25360MB  $/h=0.7037
[monitor] 2026-06-14T20:32:21Z  gpu=0%  vram=1608/49140MB  step=?  loss=?  tok/s=?  disk_avail=25360MB  $/h=0.7037
[monitor] 2026-06-14T20:33:08Z  gpu=99%  vram=25272/49140MB  step=25  loss=10.2834  tok/s=3603.5  disk_avail=25359MB  $/h=0.7037
[monitor] writing to /workspace/vlm-sink-emergence/compute_log.jsonl every 45s
[monitor] 2026-06-14T20:34:46Z  gpu=0%  vram=1/49140MB  step=?  loss=?  tok/s=?  disk_avail=25837MB  $/h=0.7037
[monitor] 2026-06-14T20:35:32Z  gpu=0%  vram=4/49140MB  step=?  loss=?  tok/s=?  disk_avail=25837MB  $/h=0.7037
[monitor] 2026-06-14T20:36:17Z  gpu=0%  vram=4/49140MB  step=?  loss=?  tok/s=?  disk_avail=25837MB  $/h=0.7037
[monitor] 2026-06-14T20:37:03Z  gpu=0%  vram=4/49140MB  step=?  loss=?  tok/s=?  disk_avail=25837MB  $/h=0.7037
[monitor] 2026-06-14T20:37:49Z  gpu=0%  vram=1608/49140MB  step=?  loss=?  tok/s=?  disk_avail=25359MB  $/h=0.7037
[monitor] 2026-06-14T20:38:34Z  gpu=0%  vram=1610/49140MB  step=?  loss=?  tok/s=?  disk_avail=25359MB  $/h=0.7037
[monitor] 2026-06-14T20:39:22Z  gpu=100%  vram=25270/49140MB  step=50  loss=9.3817  tok/s=44244.8  disk_avail=25359MB  $/h=0.7037
[monitor] 2026-06-14T20:40:07Z  gpu=100%  vram=25270/49140MB  step=200  loss=5.4731  tok/s=47101.0  disk_avail=25359MB  $/h=0.7037
[monitor] 2026-06-14T20:40:53Z  gpu=100%  vram=25270/49140MB  step=325  loss=3.923  tok/s=49303.9  disk_avail=24882MB  $/h=0.7037
[monitor] 2026-06-14T20:41:38Z  gpu=0%  vram=25270/49140MB  step=425  loss=2.5471  tok/s=48606.8  disk_avail=24882MB  $/h=0.7037
[monitor] 2026-06-14T20:42:24Z  gpu=99%  vram=25272/49140MB  step=500  loss=2.5409  tok/s=46436.6  disk_avail=24881MB  $/h=0.7037
[monitor] 2026-06-14T20:43:10Z  gpu=100%  vram=25272/49140MB  step=600  loss=2.6504  tok/s=41857.0  disk_avail=24882MB  $/h=0.7037
[monitor] 2026-06-14T20:43:55Z  gpu=100%  vram=25272/49140MB  step=725  loss=2.3267  tok/s=45400.2  disk_avail=24882MB  $/h=0.7037
[monitor] 2026-06-14T20:44:41Z  gpu=0%  vram=25272/49140MB  step=825  loss=1.6984  tok/s=48736.5  disk_avail=24882MB  $/h=0.7037
[monitor] 2026-06-14T20:45:27Z  gpu=0%  vram=25272/49140MB  step=925  loss=2.0359  tok/s=42710.8  disk_avail=24882MB  $/h=0.7037
[monitor] 2026-06-14T20:46:12Z  gpu=0%  vram=25272/49140MB  step=1000  loss=1.8167  tok/s=42808.0  disk_avail=24882MB  $/h=0.7037
[monitor] 2026-06-14T20:46:58Z  gpu=99%  vram=25272/49140MB  step=1075  loss=1.8431  tok/s=42003.2  disk_avail=24404MB  $/h=0.7037
[monitor] 2026-06-14T20:47:44Z  gpu=0%  vram=25272/49140MB  step=1200  loss=2.1603  tok/s=48915.7  disk_avail=24404MB  $/h=0.7037
[monitor] 2026-06-14T20:48:29Z  gpu=99%  vram=25272/49140MB  step=1325  loss=1.7657  tok/s=35619.1  disk_avail=24404MB  $/h=0.7037
[monitor] 2026-06-14T20:49:15Z  gpu=100%  vram=25272/49140MB  step=1450  loss=1.4397  tok/s=42375.7  disk_avail=24404MB  $/h=0.7037
[monitor] 2026-06-14T20:50:01Z  gpu=99%  vram=25272/49140MB  step=1500  loss=1.7993  tok/s=48052.9  disk_avail=24404MB  $/h=0.7037
[monitor] 2026-06-14T20:50:47Z  gpu=98%  vram=25272/49140MB  step=1625  loss=1.4095  tok/s=41174.2  disk_avail=24403MB  $/h=0.7037
[monitor] 2026-06-14T20:51:32Z  gpu=100%  vram=25272/49140MB  step=1725  loss=1.7722  tok/s=32115.2  disk_avail=24403MB  $/h=0.7037
[monitor] 2026-06-14T20:52:18Z  gpu=100%  vram=25272/49140MB  step=1850  loss=2.1125  tok/s=44476.8  disk_avail=24403MB  $/h=0.7037
[monitor] 2026-06-14T20:53:04Z  gpu=0%  vram=25272/49140MB  step=1950  loss=1.9012  tok/s=41283.1  disk_avail=24403MB  $/h=0.7037
[monitor] 2026-06-14T20:53:49Z  gpu=0%  vram=25272/49140MB  step=2000  loss=1.6729  tok/s=32097.5  disk_avail=24402MB  $/h=0.7037
[monitor] 2026-06-14T20:54:35Z  gpu=100%  vram=25272/49140MB  step=2100  loss=1.4584  tok/s=28378.4  disk_avail=23926MB  $/h=0.7037
[monitor] 2026-06-14T20:55:21Z  gpu=99%  vram=25272/49140MB  step=2225  loss=1.6584  tok/s=52677.7  disk_avail=23925MB  $/h=0.7037
[monitor] 2026-06-14T20:56:06Z  gpu=100%  vram=25272/49140MB  step=2350  loss=1.7159  tok/s=44107.7  disk_avail=23925MB  $/h=0.7037
[monitor] 2026-06-14T20:56:52Z  gpu=99%  vram=25272/49140MB  step=2450  loss=1.8598  tok/s=51974.2  disk_avail=23925MB  $/h=0.7037
[monitor] 2026-06-14T20:57:37Z  gpu=100%  vram=25272/49140MB  step=2525  loss=1.8597  tok/s=54924.4  disk_avail=23925MB  $/h=0.7037
[monitor] 2026-06-14T20:58:23Z  gpu=100%  vram=25272/49140MB  step=2625  loss=1.6433  tok/s=34644.3  disk_avail=23925MB  $/h=0.7037
[monitor] 2026-06-14T20:59:09Z  gpu=0%  vram=25272/49140MB  step=2700  loss=1.1783  tok/s=19680.2  disk_avail=23925MB  $/h=0.7037
[monitor] 2026-06-14T20:59:54Z  gpu=99%  vram=25272/49140MB  step=2825  loss=1.7689  tok/s=51474.7  disk_avail=23925MB  $/h=0.7037
[monitor] 2026-06-14T21:00:40Z  gpu=100%  vram=25272/49140MB  step=2950  loss=1.4417  tok/s=46360.9  disk_avail=23925MB  $/h=0.7037
[monitor] 2026-06-14T21:01:25Z  gpu=100%  vram=25272/49140MB  step=3000  loss=1.2141  tok/s=45209.3  disk_avail=23925MB  $/h=0.7037
[monitor] 2026-06-14T21:02:11Z  gpu=100%  vram=25272/49140MB  step=3125  loss=1.6417  tok/s=42933.5  disk_avail=23925MB  $/h=0.7037
[monitor] 2026-06-14T21:02:57Z  gpu=100%  vram=25272/49140MB  step=3225  loss=1.4519  tok/s=45629.4  disk_avail=23925MB  $/h=0.7037
[monitor] 2026-06-14T21:03:43Z  gpu=99%  vram=25272/49140MB  step=3350  loss=1.4876  tok/s=42191.3  disk_avail=23925MB  $/h=0.7037
[monitor] 2026-06-14T21:04:29Z  gpu=0%  vram=25272/49140MB  step=3450  loss=1.4366  tok/s=47980.7  disk_avail=23925MB  $/h=0.7037
[monitor] 2026-06-14T21:05:15Z  gpu=99%  vram=25272/49140MB  step=3500  loss=1.4957  tok/s=38924.9  disk_avail=23925MB  $/h=0.7037
[monitor] 2026-06-14T21:06:00Z  gpu=0%  vram=25272/49140MB  step=3625  loss=1.5403  tok/s=36805.1  disk_avail=23925MB  $/h=0.7037
[monitor] 2026-06-14T21:06:46Z  gpu=100%  vram=25272/49140MB  step=3725  loss=1.412  tok/s=48447.5  disk_avail=23925MB  $/h=0.7037
[monitor] 2026-06-14T21:07:32Z  gpu=0%  vram=25272/49140MB  step=3850  loss=1.4322  tok/s=42245.6  disk_avail=23925MB  $/h=0.7037
[monitor] 2026-06-14T21:08:18Z  gpu=99%  vram=25272/49140MB  step=3950  loss=1.6832  tok/s=47300.2  disk_avail=23925MB  $/h=0.7037
[monitor] 2026-06-14T21:09:03Z  gpu=99%  vram=25272/49140MB  step=4025  loss=1.5211  tok/s=54625.8  disk_avail=23447MB  $/h=0.7037
[monitor] 2026-06-14T21:09:49Z  gpu=100%  vram=25272/49140MB  step=4125  loss=1.2516  tok/s=45469.7  disk_avail=23446MB  $/h=0.7037
[monitor] 2026-06-14T21:10:35Z  gpu=0%  vram=25272/49140MB  step=4175  loss=1.663  tok/s=44479.9  disk_avail=23447MB  $/h=0.7037
[monitor] 2026-06-14T21:11:20Z  gpu=0%  vram=25272/49140MB  step=4175  loss=1.663  tok/s=44479.9  disk_avail=23447MB  $/h=0.7037
[monitor] 2026-06-14T21:12:06Z  gpu=0%  vram=25272/49140MB  step=4200  loss=1.3716  tok/s=4436.9  disk_avail=23447MB  $/h=0.7037
[monitor] 2026-06-14T21:12:52Z  gpu=0%  vram=25272/49140MB  step=4200  loss=1.3716  tok/s=4436.9  disk_avail=23447MB  $/h=0.7037
[monitor] 2026-06-14T21:13:37Z  gpu=0%  vram=25272/49140MB  step=4225  loss=1.3413  tok/s=4400.1  disk_avail=23447MB  $/h=0.7037
[monitor] 2026-06-14T21:14:23Z  gpu=0%  vram=25272/49140MB  step=4225  loss=1.3413  tok/s=4400.1  disk_avail=23447MB  $/h=0.7037
[monitor] 2026-06-14T21:15:08Z  gpu=0%  vram=25272/49140MB  step=4250  loss=1.1901  tok/s=4369.3  disk_avail=23447MB  $/h=0.7037
[monitor] 2026-06-14T21:15:54Z  gpu=0%  vram=25272/49140MB  step=4250  loss=1.1901  tok/s=4369.3  disk_avail=23447MB  $/h=0.7037
[monitor] 2026-06-14T21:16:40Z  gpu=0%  vram=25272/49140MB  step=4275  loss=1.6354  tok/s=4559.8  disk_avail=23447MB  $/h=0.7037
[monitor] 2026-06-14T21:17:25Z  gpu=0%  vram=25272/49140MB  step=4275  loss=1.6354  tok/s=4559.8  disk_avail=23447MB  $/h=0.7037
[monitor] 2026-06-14T21:18:11Z  gpu=0%  vram=25272/49140MB  step=4275  loss=1.6354  tok/s=4559.8  disk_avail=23447MB  $/h=0.7037
[monitor] 2026-06-14T21:18:56Z  gpu=100%  vram=25272/49140MB  step=4375  loss=1.4847  tok/s=46772.8  disk_avail=23447MB  $/h=0.7037
[monitor] 2026-06-14T21:19:42Z  gpu=0%  vram=25272/49140MB  step=4500  loss=1.0693  tok/s=50152.7  disk_avail=23447MB  $/h=0.7037
[monitor] 2026-06-14T21:20:28Z  gpu=100%  vram=25272/49140MB  step=4575  loss=1.5848  tok/s=48044.6  disk_avail=23447MB  $/h=0.7037
[monitor] writing to /workspace/vlm-sink-emergence/compute_log.jsonl every 45s
[monitor] 2026-06-14T21:21:45Z  gpu=0%  vram=1/49140MB  step=?  loss=?  tok/s=?  disk_avail=23447MB  $/h=0.7037
[monitor] 2026-06-14T21:22:30Z  gpu=0%  vram=4/49140MB  step=?  loss=?  tok/s=?  disk_avail=23447MB  $/h=0.7037
[monitor] 2026-06-14T21:23:16Z  gpu=0%  vram=4/49140MB  step=?  loss=?  tok/s=?  disk_avail=23447MB  $/h=0.7037
[monitor] 2026-06-14T21:24:02Z  gpu=0%  vram=4/49140MB  step=?  loss=?  tok/s=?  disk_avail=23447MB  $/h=0.7037
[monitor] 2026-06-14T21:24:48Z  gpu=0%  vram=1608/49140MB  step=?  loss=?  tok/s=?  disk_avail=23447MB  $/h=0.7037
[monitor] 2026-06-14T21:25:34Z  gpu=0%  vram=1610/49140MB  step=?  loss=?  tok/s=?  disk_avail=23447MB  $/h=0.7037
[monitor] 2026-06-14T21:26:19Z  gpu=100%  vram=25270/49140MB  step=4075  loss=1.3068  tok/s=37058.3  disk_avail=23447MB  $/h=0.7037
[monitor] 2026-06-14T21:27:05Z  gpu=99%  vram=25270/49140MB  step=4175  loss=1.48  tok/s=39960.1  disk_avail=23447MB  $/h=0.7037
[monitor] 2026-06-14T21:27:50Z  gpu=0%  vram=25270/49140MB  step=4275  loss=1.4795  tok/s=35983.7  disk_avail=23447MB  $/h=0.7037
[monitor] 2026-06-14T21:28:36Z  gpu=0%  vram=25270/49140MB  step=4375  loss=1.5004  tok/s=25532.7  disk_avail=23447MB  $/h=0.7037
[monitor] 2026-06-14T21:29:22Z  gpu=100%  vram=25270/49140MB  step=4475  loss=1.5203  tok/s=36727.7  disk_avail=23446MB  $/h=0.7037
[monitor] 2026-06-14T21:30:07Z  gpu=99%  vram=25270/49140MB  step=4525  loss=1.3485  tok/s=54895.6  disk_avail=23446MB  $/h=0.7037
[monitor] 2026-06-14T21:30:53Z  gpu=0%  vram=25270/49140MB  step=4625  loss=1.2741  tok/s=38865.5  disk_avail=23446MB  $/h=0.7037
[monitor] 2026-06-14T21:31:38Z  gpu=37%  vram=25270/49140MB  step=4700  loss=1.5899  tok/s=27265.3  disk_avail=23446MB  $/h=0.7037
[monitor] 2026-06-14T21:32:24Z  gpu=80%  vram=25270/49140MB  step=4800  loss=1.5929  tok/s=29416.0  disk_avail=23446MB  $/h=0.7037
[monitor] 2026-06-14T21:33:10Z  gpu=100%  vram=25270/49140MB  step=4875  loss=1.5467  tok/s=37625.3  disk_avail=23446MB  $/h=0.7037
[monitor] 2026-06-14T21:33:55Z  gpu=99%  vram=25270/49140MB  step=4975  loss=1.5075  tok/s=38711.1  disk_avail=23446MB  $/h=0.7037
[monitor] 2026-06-14T21:34:41Z  gpu=0%  vram=25270/49140MB  step=5025  loss=1.5117  tok/s=54555.9  disk_avail=23446MB  $/h=0.7037
[monitor] 2026-06-14T21:35:27Z  gpu=0%  vram=25270/49140MB  step=5125  loss=1.5105  tok/s=40522.2  disk_avail=23446MB  $/h=0.7037
[monitor] 2026-06-14T21:36:12Z  gpu=99%  vram=25270/49140MB  step=5200  loss=1.5122  tok/s=36266.4  disk_avail=23446MB  $/h=0.7037
[monitor] 2026-06-14T21:36:58Z  gpu=99%  vram=25270/49140MB  step=5300  loss=1.3313  tok/s=35332.1  disk_avail=23446MB  $/h=0.7037
[monitor] 2026-06-14T21:37:44Z  gpu=0%  vram=25270/49140MB  step=5375  loss=1.4082  tok/s=27480.6  disk_avail=23446MB  $/h=0.7037
[monitor] 2026-06-14T21:38:29Z  gpu=99%  vram=25270/49140MB  step=5475  loss=1.5523  tok/s=36236.3  disk_avail=23446MB  $/h=0.7037
[monitor] 2026-06-14T21:39:15Z  gpu=55%  vram=25270/49140MB  step=5525  loss=1.4185  tok/s=40397.7  disk_avail=23446MB  $/h=0.7037
[monitor] 2026-06-14T21:40:01Z  gpu=100%  vram=25270/49140MB  step=5600  loss=1.3273  tok/s=27456.1  disk_avail=23446MB  $/h=0.7037
[monitor] 2026-06-14T21:40:46Z  gpu=0%  vram=25270/49140MB  step=5700  loss=1.5623  tok/s=34010.9  disk_avail=23446MB  $/h=0.7037
[monitor] 2026-06-14T21:41:33Z  gpu=100%  vram=25270/49140MB  step=5800  loss=1.4701  tok/s=34701.6  disk_avail=23446MB  $/h=0.7037
[monitor] 2026-06-14T21:42:19Z  gpu=99%  vram=25270/49140MB  step=5900  loss=1.1947  tok/s=36452.9  disk_avail=23446MB  $/h=0.7037
[monitor] 2026-06-14T21:43:04Z  gpu=99%  vram=25270/49140MB  step=5975  loss=1.2623  tok/s=37680.9  disk_avail=23446MB  $/h=0.7037
[monitor] 2026-06-14T21:43:50Z  gpu=0%  vram=25270/49140MB  step=6025  loss=1.1912  tok/s=54880.4  disk_avail=23446MB  $/h=0.7037
[monitor] 2026-06-14T21:44:36Z  gpu=99%  vram=25270/49140MB  step=6125  loss=1.0895  tok/s=36237.8  disk_avail=23446MB  $/h=0.7037
[monitor] 2026-06-14T21:45:21Z  gpu=99%  vram=25270/49140MB  step=6200  loss=1.7873  tok/s=36203.3  disk_avail=23446MB  $/h=0.7037
[monitor] 2026-06-14T21:46:07Z  gpu=100%  vram=25270/49140MB  step=6300  loss=1.4113  tok/s=32671.0  disk_avail=23446MB  $/h=0.7037
[monitor] 2026-06-14T21:46:52Z  gpu=99%  vram=25270/49140MB  step=6400  loss=1.5011  tok/s=36033.9  disk_avail=23446MB  $/h=0.7037
[monitor] 2026-06-14T21:47:38Z  gpu=0%  vram=25270/49140MB  step=6500  loss=1.376  tok/s=33391.4  disk_avail=23446MB  $/h=0.7037
[monitor] 2026-06-14T21:48:24Z  gpu=0%  vram=25270/49140MB  step=6525  loss=1.2064  tok/s=42858.8  disk_avail=23446MB  $/h=0.7037
[monitor] 2026-06-14T21:49:09Z  gpu=99%  vram=25270/49140MB  step=6625  loss=1.4223  tok/s=36535.4  disk_avail=23445MB  $/h=0.7037
[monitor] 2026-06-14T21:49:55Z  gpu=0%  vram=25270/49140MB  step=6725  loss=1.4986  tok/s=37186.7  disk_avail=23445MB  $/h=0.7037
[monitor] 2026-06-14T21:50:40Z  gpu=99%  vram=25270/49140MB  step=6800  loss=1.4738  tok/s=21325.3  disk_avail=23445MB  $/h=0.7037
[monitor] 2026-06-14T21:51:26Z  gpu=0%  vram=25270/49140MB  step=6875  loss=1.5373  tok/s=30413.1  disk_avail=23445MB  $/h=0.7037
[monitor] 2026-06-14T21:52:12Z  gpu=100%  vram=25270/49140MB  step=6975  loss=1.6227  tok/s=38186.2  disk_avail=23445MB  $/h=0.7037
[monitor] 2026-06-14T21:52:57Z  gpu=0%  vram=25270/49140MB  step=7025  loss=1.1257  tok/s=54876.7  disk_avail=23445MB  $/h=0.7037
[monitor] 2026-06-14T21:53:43Z  gpu=99%  vram=25270/49140MB  step=7100  loss=1.1916  tok/s=30325.2  disk_avail=23445MB  $/h=0.7037
[monitor] 2026-06-14T21:54:29Z  gpu=98%  vram=25270/49140MB  step=7200  loss=1.054  tok/s=34163.8  disk_avail=23445MB  $/h=0.7037
[monitor] 2026-06-14T21:55:14Z  gpu=0%  vram=25270/49140MB  step=7300  loss=1.3114  tok/s=36624.1  disk_avail=23445MB  $/h=0.7037
[monitor] 2026-06-14T21:56:00Z  gpu=89%  vram=25270/49140MB  step=7400  loss=1.2358  tok/s=26757.0  disk_avail=23445MB  $/h=0.7037
[monitor] 2026-06-14T21:56:46Z  gpu=100%  vram=25270/49140MB  step=7475  loss=1.1626  tok/s=25001.9  disk_avail=23445MB  $/h=0.7037
[monitor] 2026-06-14T21:57:31Z  gpu=0%  vram=25270/49140MB  step=7500  loss=1.3601  tok/s=23421.8  disk_avail=23445MB  $/h=0.7037
[monitor] 2026-06-14T21:58:18Z  gpu=0%  vram=25270/49140MB  step=7600  loss=1.3712  tok/s=35175.7  disk_avail=23445MB  $/h=0.7037
[monitor] 2026-06-14T21:59:04Z  gpu=100%  vram=25270/49140MB  step=7700  loss=1.3794  tok/s=37596.8  disk_avail=23445MB  $/h=0.7037
[monitor] 2026-06-14T21:59:49Z  gpu=0%  vram=25270/49140MB  step=7800  loss=1.095  tok/s=26631.5  disk_avail=23445MB  $/h=0.7037
[monitor] 2026-06-14T22:00:35Z  gpu=0%  vram=25270/49140MB  step=7900  loss=1.0883  tok/s=36949.3  disk_avail=23445MB  $/h=0.7037
[monitor] 2026-06-14T22:01:21Z  gpu=0%  vram=25270/49140MB  step=8000  loss=1.1316  tok/s=37621.4  disk_avail=23445MB  $/h=0.7037
[monitor] 2026-06-14T22:02:06Z  gpu=100%  vram=25270/49140MB  step=8050  loss=1.0338  tok/s=38921.9  disk_avail=22967MB  $/h=0.7037
[monitor] 2026-06-14T22:02:52Z  gpu=100%  vram=25270/49140MB  step=8150  loss=1.1958  tok/s=38428.2  disk_avail=22967MB  $/h=0.7037
[monitor] 2026-06-14T22:03:38Z  gpu=0%  vram=25270/49140MB  step=8175  loss=1.3943  tok/s=33248.3  disk_avail=22967MB  $/h=0.7037
[monitor] 2026-06-14T22:04:23Z  gpu=0%  vram=25270/49140MB  step=8200  loss=1.557  tok/s=5160.8  disk_avail=22967MB  $/h=0.7037
[monitor] 2026-06-14T22:05:09Z  gpu=0%  vram=25270/49140MB  step=8200  loss=1.557  tok/s=5160.8  disk_avail=22967MB  $/h=0.7037
[monitor] 2026-06-14T22:05:54Z  gpu=0%  vram=25270/49140MB  step=8225  loss=1.5179  tok/s=4578.8  disk_avail=22967MB  $/h=0.7037
[monitor] 2026-06-14T22:06:40Z  gpu=0%  vram=25270/49140MB  step=8225  loss=1.5179  tok/s=4578.8  disk_avail=22967MB  $/h=0.7037
[monitor] 2026-06-14T22:07:26Z  gpu=100%  vram=25270/49140MB  step=8225  loss=1.5179  tok/s=4578.8  disk_avail=22967MB  $/h=0.7037
[monitor] 2026-06-14T22:08:11Z  gpu=0%  vram=25270/49140MB  step=8250  loss=1.4684  tok/s=3887.9  disk_avail=22967MB  $/h=0.7037
[monitor] 2026-06-14T22:08:57Z  gpu=0%  vram=25270/49140MB  step=8250  loss=1.4684  tok/s=3887.9  disk_avail=22967MB  $/h=0.7037
[monitor] 2026-06-14T22:09:43Z  gpu=0%  vram=25270/49140MB  step=8275  loss=1.4296  tok/s=3280.3  disk_avail=22967MB  $/h=0.7037
[monitor] 2026-06-14T22:10:28Z  gpu=0%  vram=25270/49140MB  step=8275  loss=1.4296  tok/s=3280.3  disk_avail=22967MB  $/h=0.7037
[monitor] 2026-06-14T22:11:14Z  gpu=0%  vram=25270/49140MB  step=8275  loss=1.4296  tok/s=3280.3  disk_avail=22967MB  $/h=0.7037
[monitor] 2026-06-14T22:11:59Z  gpu=0%  vram=25270/49140MB  step=8300  loss=1.0845  tok/s=3125.7  disk_avail=22967MB  $/h=0.7037
[monitor] 2026-06-14T22:12:45Z  gpu=100%  vram=25270/49140MB  step=8425  loss=1.1425  tok/s=39384.8  disk_avail=22967MB  $/h=0.7037
[monitor] 2026-06-14T22:13:31Z  gpu=0%  vram=25270/49140MB  step=8500  loss=1.2141  tok/s=37222.3  disk_avail=22967MB  $/h=0.7037
[monitor] 2026-06-14T22:14:17Z  gpu=100%  vram=25270/49140MB  step=8575  loss=1.0806  tok/s=38275.0  disk_avail=22967MB  $/h=0.7037
[monitor] 2026-06-14T22:15:02Z  gpu=0%  vram=25270/49140MB  step=8675  loss=0.9188  tok/s=37102.4  disk_avail=22967MB  $/h=0.7037
[monitor] 2026-06-14T22:15:48Z  gpu=99%  vram=25270/49140MB  step=8775  loss=1.0915  tok/s=37154.5  disk_avail=22967MB  $/h=0.7037
[monitor] 2026-06-14T22:16:34Z  gpu=100%  vram=25270/49140MB  step=8850  loss=1.3415  tok/s=37089.8  disk_avail=22967MB  $/h=0.7037
[monitor] 2026-06-14T22:17:19Z  gpu=0%  vram=25270/49140MB  step=8950  loss=0.9556  tok/s=35227.5  disk_avail=22967MB  $/h=0.7037
[monitor] 2026-06-14T22:18:05Z  gpu=0%  vram=25270/49140MB  step=9000  loss=1.2282  tok/s=29275.9  disk_avail=22967MB  $/h=0.7037
[monitor] 2026-06-14T22:18:51Z  gpu=0%  vram=25270/49140MB  step=9075  loss=1.1173  tok/s=37042.8  disk_avail=22967MB  $/h=0.7037
[monitor] 2026-06-14T22:19:36Z  gpu=99%  vram=25270/49140MB  step=9175  loss=1.2225  tok/s=40438.0  disk_avail=22967MB  $/h=0.7037
[monitor] 2026-06-14T22:20:22Z  gpu=100%  vram=25270/49140MB  step=9275  loss=1.0957  tok/s=38782.6  disk_avail=22967MB  $/h=0.7037
[monitor] 2026-06-14T22:21:08Z  gpu=99%  vram=25270/49140MB  step=9375  loss=1.2909  tok/s=37891.8  disk_avail=22967MB  $/h=0.7037
[monitor] 2026-06-14T22:21:53Z  gpu=99%  vram=25270/49140MB  step=9450  loss=1.2814  tok/s=35615.4  disk_avail=22967MB  $/h=0.7037
[monitor] 2026-06-14T22:22:39Z  gpu=100%  vram=25270/49140MB  step=9500  loss=1.4062  tok/s=38129.4  disk_avail=22966MB  $/h=0.7037
[monitor] 2026-06-14T22:23:24Z  gpu=100%  vram=25270/49140MB  step=9600  loss=1.1633  tok/s=37698.2  disk_avail=22966MB  $/h=0.7037
[monitor] 2026-06-14T22:24:10Z  gpu=100%  vram=25270/49140MB  step=9675  loss=1.347  tok/s=20644.2  disk_avail=22966MB  $/h=0.7037
[monitor] 2026-06-14T22:24:56Z  gpu=100%  vram=25270/49140MB  step=9775  loss=1.1834  tok/s=36448.3  disk_avail=22966MB  $/h=0.7037
[monitor] 2026-06-14T22:25:41Z  gpu=100%  vram=25270/49140MB  step=9875  loss=1.2691  tok/s=37800.0  disk_avail=22966MB  $/h=0.7037
[monitor] 2026-06-14T22:26:27Z  gpu=0%  vram=25270/49140MB  step=9950  loss=0.9664  tok/s=29414.2  disk_avail=22966MB  $/h=0.7037
[monitor] 2026-06-14T22:27:13Z  gpu=100%  vram=25270/49140MB  step=10000  loss=1.0253  tok/s=38249.4  disk_avail=22966MB  $/h=0.7037
[monitor] 2026-06-14T22:27:58Z  gpu=99%  vram=25270/49140MB  step=10100  loss=1.2066  tok/s=39180.5  disk_avail=22966MB  $/h=0.7037
[monitor] 2026-06-14T22:28:44Z  gpu=100%  vram=25270/49140MB  step=10200  loss=1.3953  tok/s=38238.2  disk_avail=22966MB  $/h=0.7037
[monitor] 2026-06-14T22:29:29Z  gpu=57%  vram=25270/49140MB  step=10300  loss=1.1949  tok/s=37841.6  disk_avail=22966MB  $/h=0.7037
[monitor] 2026-06-14T22:30:15Z  gpu=100%  vram=25270/49140MB  step=10400  loss=1.193  tok/s=30907.9  disk_avail=22966MB  $/h=0.7037
[monitor] 2026-06-14T22:31:01Z  gpu=100%  vram=25270/49140MB  step=10475  loss=1.3736  tok/s=34756.4  disk_avail=22966MB  $/h=0.7037
[monitor] 2026-06-14T22:31:46Z  gpu=100%  vram=25270/49140MB  step=10525  loss=1.2056  tok/s=54887.2  disk_avail=22966MB  $/h=0.7037
[monitor] 2026-06-14T22:32:32Z  gpu=0%  vram=25270/49140MB  step=10625  loss=1.1119  tok/s=34422.8  disk_avail=22966MB  $/h=0.7037
[monitor] 2026-06-14T22:33:18Z  gpu=0%  vram=25270/49140MB  step=10725  loss=1.3055  tok/s=36987.9  disk_avail=22965MB  $/h=0.7037
[monitor] 2026-06-14T22:34:03Z  gpu=0%  vram=25270/49140MB  step=10800  loss=1.0851  tok/s=34048.2  disk_avail=22965MB  $/h=0.7037
[monitor] 2026-06-14T22:34:49Z  gpu=99%  vram=25270/49140MB  step=10900  loss=1.2437  tok/s=29320.3  disk_avail=22965MB  $/h=0.7037
[monitor] 2026-06-14T22:35:34Z  gpu=0%  vram=25270/49140MB  step=11000  loss=1.1017  tok/s=22055.6  disk_avail=22965MB  $/h=0.7037
[monitor] 2026-06-14T22:36:20Z  gpu=0%  vram=25270/49140MB  step=11050  loss=1.0901  tok/s=36779.2  disk_avail=22965MB  $/h=0.7037
[monitor] 2026-06-14T22:37:06Z  gpu=100%  vram=25270/49140MB  step=11125  loss=1.1704  tok/s=32465.2  disk_avail=22965MB  $/h=0.7037
[monitor] 2026-06-14T22:37:52Z  gpu=0%  vram=25270/49140MB  step=11225  loss=1.0991  tok/s=36613.0  disk_avail=22966MB  $/h=0.7037
[monitor] 2026-06-14T22:38:37Z  gpu=100%  vram=25270/49140MB  step=11325  loss=1.0699  tok/s=36247.6  disk_avail=22966MB  $/h=0.7037
[monitor] 2026-06-14T22:39:23Z  gpu=0%  vram=25270/49140MB  step=11425  loss=1.0845  tok/s=36361.4  disk_avail=22966MB  $/h=0.7037
[monitor] 2026-06-14T22:40:08Z  gpu=0%  vram=25270/49140MB  step=11500  loss=0.9605  tok/s=37839.3  disk_avail=22966MB  $/h=0.7037
[monitor] 2026-06-14T22:40:54Z  gpu=98%  vram=25270/49140MB  step=11550  loss=1.2627  tok/s=40551.0  disk_avail=22966MB  $/h=0.7037
[monitor] 2026-06-14T22:41:40Z  gpu=99%  vram=25270/49140MB  step=11650  loss=1.0318  tok/s=35915.5  disk_avail=22966MB  $/h=0.7037
[monitor] 2026-06-14T22:42:26Z  gpu=0%  vram=25270/49140MB  step=11750  loss=1.4262  tok/s=33981.3  disk_avail=22966MB  $/h=0.7037
[monitor] 2026-06-14T22:43:11Z  gpu=100%  vram=25270/49140MB  step=11800  loss=1.342  tok/s=32162.9  disk_avail=22966MB  $/h=0.7037
[monitor] 2026-06-14T22:43:57Z  gpu=0%  vram=25270/49140MB  step=11900  loss=1.3228  tok/s=39097.8  disk_avail=22965MB  $/h=0.7037
[monitor] 2026-06-14T22:44:42Z  gpu=0%  vram=25270/49140MB  step=12000  loss=1.1021  tok/s=39732.3  disk_avail=22965MB  $/h=0.7037
[monitor] 2026-06-14T22:45:28Z  gpu=0%  vram=25270/49140MB  step=12050  loss=1.2657  tok/s=36597.7  disk_avail=22965MB  $/h=0.7037
[monitor] 2026-06-14T22:46:14Z  gpu=0%  vram=25270/49140MB  step=12150  loss=1.2405  tok/s=37691.7  disk_avail=22965MB  $/h=0.7037
[monitor] 2026-06-14T22:46:59Z  gpu=100%  vram=25270/49140MB  step=12225  loss=0.8954  tok/s=25835.7  disk_avail=22965MB  $/h=0.7037
[monitor] 2026-06-14T22:47:45Z  gpu=100%  vram=25270/49140MB  step=12325  loss=1.0252  tok/s=40798.8  disk_avail=22965MB  $/h=0.7037
[monitor] 2026-06-14T22:48:31Z  gpu=100%  vram=25270/49140MB  step=12425  loss=0.9631  tok/s=33197.7  disk_avail=22965MB  $/h=0.7037
[monitor] 2026-06-14T22:49:16Z  gpu=0%  vram=25270/49140MB  step=12475  loss=1.2242  tok/s=31338.5  disk_avail=22966MB  $/h=0.7037
[monitor] 2026-06-14T22:50:02Z  gpu=0%  vram=25270/49140MB  step=12475  loss=1.2242  tok/s=31338.5  disk_avail=22966MB  $/h=0.7037
[monitor] 2026-06-14T22:50:48Z  gpu=100%  vram=25270/49140MB  step=12500  loss=1.3597  tok/s=4227.9  disk_avail=22965MB  $/h=0.7037
[monitor] 2026-06-14T22:51:33Z  gpu=0%  vram=25270/49140MB  step=12500  loss=1.3597  tok/s=4227.9  disk_avail=22964MB  $/h=0.7037
[monitor] 2026-06-14T22:52:19Z  gpu=0%  vram=25270/49140MB  step=12525  loss=1.0346  tok/s=6850.6  disk_avail=22964MB  $/h=0.7037
[monitor] 2026-06-14T22:53:06Z  gpu=0%  vram=25270/49140MB  step=12525  loss=1.0346  tok/s=6850.6  disk_avail=22965MB  $/h=0.7037
[monitor] 2026-06-14T22:53:51Z  gpu=0%  vram=25270/49140MB  step=12550  loss=1.267  tok/s=4621.2  disk_avail=22965MB  $/h=0.7037
[monitor] 2026-06-14T22:54:37Z  gpu=0%  vram=25270/49140MB  step=12550  loss=1.267  tok/s=4621.2  disk_avail=22966MB  $/h=0.7037
[monitor] 2026-06-14T22:55:23Z  gpu=0%  vram=25270/49140MB  step=12575  loss=1.1298  tok/s=3804.5  disk_avail=22966MB  $/h=0.7037
[monitor] 2026-06-14T22:56:08Z  gpu=0%  vram=25270/49140MB  step=12575  loss=1.1298  tok/s=3804.5  disk_avail=22965MB  $/h=0.7037
[monitor] 2026-06-14T22:56:54Z  gpu=100%  vram=25270/49140MB  step=12650  loss=1.1456  tok/s=40760.1  disk_avail=22965MB  $/h=0.7037
[monitor] 2026-06-14T22:57:40Z  gpu=0%  vram=25270/49140MB  step=12750  loss=1.1228  tok/s=39563.5  disk_avail=22965MB  $/h=0.7037
